###_symlink_ << _existing_file_
1downarrow << arrow-down
1leftarrow << arrow-left
1rightarrow << arrow-right
1uparrow << arrow-up
2downarrow << arrow-down-double
2leftarrow << arrow-left-double
2rightarrow << arrow-right-double
2uparrow << arrow-up-double
3floppy_mount << 3floppy-mount
3floppy-mount << media-floppy
3floppy_unmount << 3floppy-unmount
5floppy_mount << 5floppy-mount
5floppy_unmount << 5floppy-unmount
about-kde << kde
about_kde << kde
about_kde << start-here
about_kde << start-here-branding
about_kde << start-here-kde
access << package_utility_accessibility
access << preferences-desktop-accessibility
add << list-add
add-user << list-add-user
add_user << list-add-user
align_left << leftjust
alignobjs << align-objects
aobottom << align-bottom
aogrid << resize-to-grid
aoleft << align-left
aopos2grid << align-to-grid
aoright << align-right
aotop << align-top
apply << dialog-ok-apply
ark-adddir << archive-insert-directory
ark_adddir << archive-insert-directory
ark-addfile << archive-insert
ark_addfile << archive-insert
ark-delete << archive-remove
ark_delete << ark-delete
ark-extract << archive-extract
ark_extract << archive-extract
ark-view << document-preview-archive
ark_view << document-preview-archive
back << go-previous
binary << application-x-object
binary << application-x-python-bytecode
binary << application-x-sharedlib
blender3d << application-x-blender
blockdevice << inode-block
bookmark_add << bookmark-new
bookmark << bookmarks
bookmark << favorites
bookmark_folder << bookmark-folder
bookmark_folder << folder-bookmark
bookmark-folder << folder-bookmarks
bookmark_folder << folder-bookmarks
bookmark_folder << folder-favorites
bookmarks_list_add << bookmark-new-list
bookmark_toolbar << bookmark-toolbar
bottom << go-bottom
bring_forward << bring-forward
bt << application-x-bittorrent
bt << application-x-nzb
button << button-widget
button_cancel << dialog-cancel
button_ok << dialog-ok
camera_mount << camera-mount
camera-mount << camera-photo
camera_unmount << camera-unmount
cancel << dialog-cancel
cdaudio_mount << cdaudio-mount
cdaudio-mount << media-optical-audio
cdaudio_unmount << cdaudio-unmount
cdimage << application-x-cue
cdrom << drive-optical
cdrom_mount << media-optical-cdrom-mounted
cdrom_mount << cdrom-mount
cdrom-mount << media-optical
cdrom_unmount << media-optical-cdrom
cdrom_unmount << cdrom-unmount
cdtrack << application-x-cda
cdtrack << application-x-cd-image
cdtrack << text-xmcd
cdwriter_mount << cdwriter-mount
cdwriter-mount << media-optical-recordable
cdwriter_unmount << cdwriter-unmount
certificate << application-pgp-keys
certificate << application-pkcs10
certificate << application-pkcs7-signature
certificate << application-x-pkcs12
certificate << application-x-x509-ca-cert
chardevice << inode-chardevice
charset << character-set
check << checkbox-widget
clear_left << clear-left
close << window-close
colorpicker << color-picker
colorscm << application-x-kcsrc
colors << preferences-desktop-color
combo << combobox-widget
compact_flash_mount << media-flash
compfile << run-build-file
completion << text-completion
configure << preferences-other
configure_shortcuts << configure-shortcuts
configure_toolbars << configure-toolbars
connect_established << network-connect
connect_no << network-disconnect
contents << help-contents
contexthelp << help-contextual
core << application-x-core
cursor << image-x-xcursor
database << application-vnd.oasis.opendocument.database
database << application-x-dbf
database << application-x-msaccess
deb << application-x-deb
delete_table_row << delete-table-row
delete-user << list-remove-user
delete_user << list-remove-user
desktop << package_settings_desktop
desktop << package_utility_desktop
desktop << preferences-desktop
desktop << user-desktop
djvu << image-vnd.djvu
document << application-x-mswrite
down << go-down
drawing << application-vnd.oasis.opendocument.graphics
drawing << application-vnd.oasis.opendocument.graphics-template
dvd_mount << media-optical-dvd-mounted
dvd_mount << dvd-mount
dvd_unmount << media-optical-dvd
dvd_unmount << dvd-unmount
dvi << application-x-dvi
dvi << application-x-lyx
edit_add << edit-add
editclear << edit-clear
editcopy << edit-copy
editcut << edit-cut
editdelete << edit-delete
editpaste << edit-paste
edit_remove << edit-remove
editshred << edit-delete-shred
edittrash << edit-trash
edit_user << edit-user
emoticon << smiley
empty << application-x-zerosize
encrypted << application-pgp
encrypted << application-pgp-encrypted
encrypted << application-pgp-signature
encrypted << application-pkcs7-mime
equalizer << media-equalizer
exec << application-x-desktop
exec << application-x-executable
exec << application-x-executable-script
exec << application-x-ms-dos-executable
exit << application-exit
exit << system-log-out
file_broken << file-broken
fileclose << dialog-close
fileclose << window-close
fileexport << document-export
file-find << system-search
filefind << system-search
fileimport << document-import
fileimport << file-import
filenew << document-new
fileopen << document-open
fileopen << document-open-recent
fileprint << document-print
filequickprint << document-print-preview
file-revert << document-revert
filesaveas << document-save-as
filesave << document-save
filter << search-filter
find << edit-find
find << system-search
finish << go-last
firewire_mount << drive-removable-media-firewire
folder << dolphin
folder << system-file-manager
folder << inode-directory
folder_blue << folder-blue
folder_brown << folder-brown
folder_cyan << folder-cyan
folder_cyan_open << folder-cyan
folder_doc_q4os_startmenu << document-multiple
folder_doc_q4os_startmenu << folder-documents
folder_documents << document
folder_documents << folder-documents
folder_favorite << folder-publicshare
folder_favorite << folder-bookmarks
folder_green << folder-green
folder_green_open << folder-green
folder_grey << folder-grey
folder_grey_open << folder-grey
folder-home << user-home
folder_home << user-home
folder_home2 << user-home
folder_html << folder-html
folder_image << folder-image
folder_important << folder-important
folder_locked << folder-locked
folder-locked << inode-directory-locked
folder_man << folder-documents
folder_new << folder-new
folder_open << folder
folder-open << folder-open
folder_open << folder-open
folder_orange << folder-orange
folder_orange_open << folder-orange
folder_print << folder-print
folder_red << folder-red
folder_red_open << folder-red
folder_sound << folder-sound
folder_tar << folder-tar
folder_txt << folder-documents
folder_txt << folder-txt
folder_video << folder-videos
folder_video << folder-video
folder_violet_open << folder-violet
folder_web << folder-html
folder_web << folder_html
folder_web << folder-remote
folder_wordprocessing << folder-txt
folder_wordprocessing << folder-documents
folder_yellow << folder-yellow
folder_yellow_open << folder-yellow
font << application-x-font-speedo
font-bitmap << application-x-font-bdf
font-bitmap << application-x-font-pcf
font-bitmap << application-x-font-snf
fonts << preferences-desktop-font
font-truetype << application-x-font-otf
font-truetype << application-x-font-ttf
font-type1 << application-x-font-afm
font-type1 << application-x-font-type1
form << database-form
form_newobj << database-form-new
formula << application-vnd.oasis.opendocument.formula
forward << go-next
frame_edit << frame-edit
frame << frame-widget
frameprint << print-frame
frame_text << insert-object
gear << application-x-executable
gettext << application-x-linguist
gettext << application-x-xliff
gettext << text-x-gettext-translation
gettext << text-x-gettext-translation-template
gf << application-x-tex-gf
gohome << go-home
go << kde
go << start-here
go << start-here-branding
go << start-here-kde
goto << go-jump
goto-page << go-jump
groupbox << groupbox-widget
hdd-mount << drive-harddisk
hdd_mount << drive-harddisk-mounted
hdd_mount << hdd-mount
hdd_unmount << drive-harddisk
hdd_unmount << hdd-unmount
hdd-usb-mount << drive-removable-media-usb
help-about-kde << kde
help << application-x-chm
help << help-contents
help-whatsthis << help-contextual
history_clear << history-clear
html << application-relaxng
html << application-xhtml+xml
html << application-xml
html << application-x-mswinurl
html << application-xsd
html << application-xslt+xml
html << text-html
html << text-mathml
html << text-vnd.wap.wml
html << text-x-dtd
html << text-xml
html << text-x-xslfo
icons << preferences-desktop-icons
identity << user-identity
image << application-vnd.stardivision.draw
image << application-vnd.sun.xml.draw
image << application-vnd.sun.xml.draw.template
image << application-x-egon
image << image-bmp
image << image-cgm
image << image-fax-g3
image << image-gif
image << image-jpeg
image << image-jpeg2000
image << image-tiff
image << image-x-applix-graphics
image << image-x-dcraw
image << image-x-dds
image << image-x-eps
image << image-x-exr
image << image-x-fits
image << image-x-generic
image << image-x-hdr
image << image-x-ico
image << image-x-jng
image << image-x-msod
image << image-x-pcx
image << image-x-photo-cd
image << image-x-portable-bitmap
image << image-x-portable-graymap
image << image-x-portable-pixmap
image << image-x-psd
image << image-x-rgb
image << image-x-tga
image << image-x-xbitmap
image << image-x-xcf
image << image-x-xpixmap
images_display << images-display
image << video-x-mng
indent << format-indent-more
info << document-properties
inode-directory << folder
insert_table_row << insert-table-row
ipod_mount << ipod-mount
ipod-mount << multimedia-player-apple-ipod
ipod_unmount << ipod-unmount
jar << application-x-java-archive
java-jar << application-x-java-applet
javascript << application-javascript
joystick << input-gaming
karbon-karbon << application-x-karbon
kchart-chrt << application-vnd.oasis.opendocument.chart
kchart-chrt << application-vnd.stardivision.chart
kchart-chrt << application-x-kchart
kcontrol << preferences-system
kdeprint_addprinter << kdeprint-addprinter
kdeprint_addpseudo << kdeprint-addpseudo
kdeprint_printer_infos << kdeprint-printer-infos
kdeprint_queuestate << kdeprint-queuestate-kdeprint
kdeprint_queuestate << printer-queue-state
kdeprint_stopprinter << kdeprint-stopprinter-kdeprint
kdeprint_testprinter << kdeprint-testprinter
kexi-kexi << application-x-vnd.kde.kexi
keyboard << input-keyboard
key_enter << browser-go
key_enter << go-jump-locationbar
kfind << system-search
kformula-kfo << application-vnd.stardivision.math
kformula-kfo << application-x-kformula
kget-list << application-x-kgetlist
khelpcenter << help-browser
khelpcenter << system-help
kig-doc << application-x-kig
kivio_connector << tool-connect
kivio-flw << application-x-kivio
kmenu << start-here-kde
kmix << audio-volume-full
kmix << audio-volume-high
kmix << audio-volume-medium
kmixdocked << audio-volume-medium
kmixdocked_error << audio-volume-muted
kmixdocked_mute << audio-volume-muted
knewstuff << get-hot-new-stuff
knotify << preferences-desktop-notification
konqueror << web-browser
konsole << xconsole
konsole << terminal
kontact_contacts << view-pim-contacts
kontact_date << view-pim-calendar
kontact_journal << view-pim-journal
kontact_mail << view-pim-mail
kontact_news << view-pim-news
kontact_notes << view-pim-notes
kontact_summary << view-pim-summary
kontact_todo << view-pim-tasks
konv_message << konv-message
kopete-emoticons << application-x-kopete-emoticons
kpackage << package-manager-icon
kpovmodeler-doc << application-x-kpovmodeler
kpresenter-kpr << application-x-kpresenter
krita-kra << application-vnd.oasis.opendocument.image
krita-kra << application-x-krita
krita-kra << application-x-openraster
kscreensaver << preferences-desktop-screensaver
ksim_cpu << cpu
kspread-ksp << application-x-kspread
kthememgr << preferences-desktop-theme
kugardata << application-x-kudesigner
kugar-kud << application-x-kugar
kugar-kud << application-x-vnd.kde.kugar.mixed
kword-kwd << application-x-kword
kwordquiz-doc << application-x-kwordquiz
kxkb << keyboard
label << label-widget
laptop << computer-laptop
lineedit << line-editor-widget
line << line-widget
link_overlay << link
listbox << list-widget
listview << tree-widget
locationbar_erase << locationbar-erase
lock << object-locked
lock-screen << system-lock-screen
lock << system-lock-screen
log-out << system-log-out
logout << system-log-out
log << text-x-log
mail_delete << mail-delete
mail_find << mail-find
mail_flag << mail-flag
mail_forward << mail-forward
mail_generic << mail
mail_get << mail-get
mail_ham << mail-ham
mail_ham << mail-mark-notjunk
mail_new << mail-message-new
mail_replyall << mail-reply-all
mail_replylist << mail-replylist
mail_reply << mail-reply-sender
mail_send << mail-message-new
mail_send << mail-send
make_kdevelop << run-build
make << text-x-makefile
man << application-x-troff-man
man << text-troff
memory-stick-mount << media-flash-memory-stick
memory_stick_mount << memory-stick-mount
memory_stick_unmount << memory-stick-unmount
message << application-x-mimearchive
messagebox_critical << dialog-error
messagebox_info << dialog-information
messagebox_warning << dialog-warning
message << message
message << message-rfc822
midi << audio-midi
monitor << computer
monitor << computer-laptop
mouse << input-mouse
mouse_pointer << mouse-pointer
mozilla << firefox
multimedia << application-ogg
multimedia << application-smil
multimedia << application-x-shockwave-flash
multimedia << model-vrml
navigator_first << database-first-row
navigator_last << database-last-row
navigator_new << database-new-row
navigator_next << database-next-row
navigator_prev << database-previous-row
netscape-doc << application-vnd.mozilla.xul+xml
network_domain << preferences-system-network-sharing
network_local << network-local
network_local << network-workgroup
network << network-wired
network << network-workgroup
network << package_settings_network
news << application-rss+xml
news << message-news
news_subscribe << news-subscribe
news << text-rdf
news_unsubscribe << news-unsubscribe
next << find-next
next << go-next
nfs-mount << folder-remote
nfs_mount << nfs-mount
nfs_unmount << nfs-unmount
odf-odb << application-vnd.oasis.opendocument.database
odf-odc << application-vnd.oasis.opendocument.chart
odf-odf << application-vnd.oasis.opendocument.formula
odf-odg << application-vnd.oasis.opendocument.graphics
odf-odi << application-vnd.oasis.opendocument.image
odf-odp << application-vnd.oasis.opendocument.presentation
odf-ods << application-vnd.oasis.opendocument.spreadsheet
odf-odt << application-vnd.oasis.opendocument.text
ok << dialog-ok
package << system-software-install
package_accessories << applications-accessories
package_development << package_more
package_development << package_main
package_development << package_applications
package_development << applications-development
package_development-translation << applications-development-translation
package_development-web << applications-development-web
package_education << applications-education
package_education-language << applications-education-language
package_education-mathematics << applications-education-mathematics
package_edutainment << package_edutainment
package_edutainment << package_edutainment_teaching
package_engineering << applications-engineering
package_games << applications-games
package_graphics << applications-graphics
package_internet << applications-internet
package_multimedia << applications-multimedia
package_network << preferences-system-network
package_office << applications-office
package_other << applications-other
package_science << applications-science
package_system << applications-system
package_toys << applications-toys
package_utilities << applications-utilities
password << dialog-password
pdf << application-illustrator
pdf << application-pdf
pipe << inode-fifo
pixmaplabel << imagebox-widget
pk << application-x-tex-pk
plasmoid << application-x-plasma
player_eject << media-eject
player_end << media-skip-forward
player_fwd << media-seek-forward
player_pause << media-playback-pause
player_playlist << view-media-playlist
player_play << media-playback-start
player_record << media-record
player_rew << media-seek-backward
player_start << media-skip-backward
player_stop << media-playback-stop
player_time << player-time
player_volume << player-volume
podcast << x-media-podcast
postscript << application-postscript
presentation << application-vnd.ms-powerpoint
presentation << application-vnd.oasis.opendocument.presentation
presentation << application-vnd.oasis.opendocument.presentation-template
presentation << application-vnd.stardivision.impress
presentation << application-vnd.sun.xml.impress
presentation << application-vnd.sun.xml.impress.template
presentation << application-x-magicpoint
previous << find-previous
previous << go-previous
printmgr << preferences-desktop-printer
print_printer << printer
progress << progress-bar-widget
project_open << project-open
query << database-query
query_newobj << database-query-new
radio << radio-button-widget
recyclebinempty << user-trash
recyclebinfull << user-trash-full
recycled << application-x-trash
redo << edit-redo
reload << document-revert
reload << view-refresh
remove << list-remove
report << database-report
restart << system-reboot
restart << system-restart
revert << document-revert
revert << file-revert
rightjust << format-justify-right
rl_game_cards << package_games_card
rl_harddrive << drive-harddisk
rl_harddrive << drive-removable-media
rl_programs_develop << applications-other
rl_recycleddoc << application-x-trash
rl_video_settings << preferences-desktop-display
rotate_ccw << object-rotate-left
rotate_cw << object-rotate-right
rotate_left << object-rotate-left
rotate_right << object-rotate-right
rpm << application-x-rpm
rp-pppoe << networkmanager
rss_tag << feed-subscribe
run << system-run
save_all << save-all
sd-mmc-mount << media-flash-sd-mmc
sd_mmc_mount << sd-mmc-mount
sd_mmc_unmount << sd-mmc-unmount
search << system-search
select_item << select-item
send_backward << send-backward
server << network-server
shellscript << application-x-awk
shellscript << application-x-shellscript
shellscript << text-x-script
showmenu << show-menu
shutdown << system-shutdown
slider << slider-widget
smart-media-mount << media-flash-smart-media
smart_media_mount << smart-media-mount
smart_media_unmount << smart-media-unmount
socket << inode-socket
sound << audio
sound << audio-aac
sound << audio-ac3
sound << audio-basic
sound << audio-mp4
sound << audio-mpeg
sound << audio-prs.sid
sound << audio-vnd.rn-realaudio
sound << audio-x-adpcm
sound << audio-x-aiff
sound << audio-x-flac
sound << audio-x-flac+ogg
sound << audio-x-matroska
sound << audio-x-mod
sound << audio-x-mp2
sound << audio-x-mpegurl
sound << audio-x-ms-wma
sound << audio-x-musepack
sound << audio-x-pn-realaudio-plugin
sound << audio-x-scpls
sound << audio-x-speex+ogg
sound << audio-x-vorbis+ogg
sound << audio-x-wav
sound << text-vnd.abc
source << application-x-ruby
source-cpp << text-x-adasrc
source-cpp << text-x-c++src
source-c << text-x-csrc
source-c << text-x-objcsrc
source-h << text-x-c++hdr
source-h << text-x-chdr
source-h << text-x-objchdr
source-java << application-x-java
source-java << application-x-java-archive
source-java << text-x-java
source-moc << text-x-moc
source-php << application-x-php
source-pl << application-x-perl
source-p << text-x-pascal
source-py << application-x-python
source << text-x-csharp
source << text-x-hex
source << text-x-tcl
spellcheck << tools-check-spelling
spin << spinbox-widget
spreadsheet << application-vnd.ms-excel
spreadsheet << application-vnd.oasis.opendocument.spreadsheet
spreadsheet << application-vnd.oasis.opendocument.spreadsheet-template
spreadsheet << application-vnd.stardivision.calc
spreadsheet << application-vnd.sun.xml.calc
spreadsheet << application-vnd.sun.xml.calc.template
spreadsheet << application-x-applix-spreadsheet
spreadsheet << application-x-gnumeric
spreadsheet << application-x-quattropro
spreadsheet << application-x-siag
spring << spring-widget
start << go-first
state_data << data-view
state_edit << design-view
state_sql << database-sql-view
state_text << text-view
stop << process-stop
superkaramba-theme << application-x-superkaramba
suspend-hibernate << system-suspend-hibernate
suspend << system-suspend
swf << application-x-shockwave-flash
switch-user << system-switch-user
switchuser << system-switch-user
system << computer
tab_breakoff << tab-breakoff
tab_duplicate << tab-duplicate
table << database-table
table_newobj << database-table-new
tablet << input-tablet
tab_new << tab-new
tab_remove << tab-close
tabwidget << tab-widget
tar << application-x-tar
text_block << format-justify-fill
text_bold << format-text-bold
text_center << text-center
textedit << text-editor-widget
tex << text-x-bibtex
tex << text-x-tex
text_italic << format-text-italic
text_left << text-left
text_right << text-right
text_strike << format-text-strikethrough
text_sub << text-sub
text_super << text-super
text_under << format-text-underline
tgz << application-x-7z-compressed
tgz << application-x-ace
tgz << application-x-arc
tgz << application-x-archive
tgz << application-x-arj
tgz << application-x-bzdvi
tgz << application-x-bzip
tgz << application-x-bzip-compressed-tar
tgz << application-x-compress
tgz << application-x-compressed-tar
tgz << application-x-cpio
tgz << application-x-gzdvi
tgz << application-x-gzip
tgz << application-x-gzpostscript
tgz << application-x-lha
tgz << application-x-lzop
tgz << application-x-pak
tgz << application-x-rar
tgz << application-x-tar
tgz << application-x-tarz
tgz << application-x-tzo
tgz << application-x-zoo
tgz << application-zip
thumbnail << thumbnail-show
today << calendar-today
tool_pan << tool-pan
top << go-top
trashcan_empty << user-trash
trashcan_empty << emptytrash
trashcan_full << edittrash
trashcan_full << user-trash-full
tv << video-television
txt << text-css
txt << text-csv
txt << text-enriched
txt << text-plain
txt << text-sgml
txt << text-x-generic
txt << text-x-patch
umbrellofile << application-x-uml
undo << edit-undo
unindent << format-indent-less
unknown << text-x-katefilelist
unlock << object-unlocked
up << go-up
usbdisk_mount << hdd-usb-mount
usbdisk_unmount << hdd-usb-unmount
usb_harddrive << drive-removable-media-usb
vcalendar << text-calendar
vcard << text-directory
vcard << text-x-ldif
vcard << text-x-vcard
vectorgfx << application-x-kontour
vectorgfx << application-x-tgif
vectorgfx << application-x-wmf
vectorgfx << image-svg+xml
vectorgfx << image-svg+xml-compressed
vectorgfx << image-x-vnd.trolltech.qpicture
vectorgfx << image-x-xfig
video << application-vnd.rn-realmedia
video << application-x-mplayer2
video << audio-vnd.rn-realvideo
video << uri-mms
video << uri-mmst
video << uri-mmsu
video << uri-pnm
video << uri-rtspt
video << uri-rtspu
video << video-mp4
video << video-mpeg
video << video-quicktime
video << video-x-asf
video << video-x-flic
video << video-x-matroska
video << video-x-mp4
video << video-x-mpeg
video << video-x-ms-asf
video << video-x-msvideo
video << video-x-ms-wmv
video << video-x-ogm+ogg
video << video-x-quicktime
video << video-x-theora+ogg
view_choose << view-choose
view_detailed << fileview-detailed
view_detailed << view-list-details
view_fit_width << fit-to-width
view_fit_window << fit-to-page
view_icon << view-list-icons
view_left_right << view-split-left-right
viewmagfit << zoom-fit-best
viewmag+ << zoom-in
viewmag << zoom-original
viewmag- << zoom-out
view_multicolumn << fileview-multicolumn
view_multicolumn << view-file-columns
view_remove << view-close
view_remove << view-remove
view_sidetree << view-sidetree
view_text << fileview-text
view_text << view-list-text
view_top_bottom << view-split-top-bottom
view_tree << view-list-tree
wallet_closed << wallet-closed
wallet_open << wallet-open
widget-doc << application-x-designer
widgetstack << stack-widget
window_fullscreen << view-fullscreen
window_new << window-new
window_nofullscreen << view-restore
windows_executable << application-x-ms-dos-executable
windows << preferences-system-windows
window_suppressed << window-suppressed
wordprocessing << application-msword
wordprocessing << application-vnd.ms-xpsdocument
wordprocessing << application-vnd.oasis.opendocument.text
wordprocessing << application-vnd.oasis.opendocument.text-template
wordprocessing << application-vnd.stardivision.writer
wordprocessing << application-vnd.stardivision.writer-global
wordprocessing << application-vnd.sun.xml.writer
wordprocessing << application-vnd.sun.xml.writer.master
wordprocessing << application-vnd.sun.xml.writer.template
wordprocessing << application-vnd.wordperfect
wordprocessing << application-x-abiword
wordprocessing << application-x-amipro
wordprocessing << application-x-applix-word
wordprocessing << application-x-hwp
wordprocessing << application-x-ica
wordprocessing << application-x-palm-database
wordprocessing << application-x-pw
wordprocessing << text-docbook
wordprocessing << text-enriched
wordprocessing << text-rdf
wordprocessing << text-rtf
www << application-x-webarchive
xmag << view-preview
zip_external_mount << drive-removable-media
###___order_the_below_
3floppy_mount << media-floppy-3_5-mounted
3floppy_unmount << media-floppy-3_5
5floppy_mount << media-floppy-5_14-mounted
5floppy_unmount << media-floppy-5_14
cdaudio_mount << media-optical-cdaudio-mounted
cdaudio_unmount << media-optical-cdaudio
folder-image << folder-pictures
folder-sound << folder-music
nm_device_wired << network-wired
printer1 << printer
terminal << xconsole
utilities-terminal << xconsole
zip_mount << media-floppy-zip-mounted
zip_unmount << media-floppy-zip
